ASxxxx Linker V03.00 + NoICE + sdld,  page 1.
Hexadecimal  [32-Bits]

Area                                    Addr        Size        Decimal Bytes (Attributes)
--------------------------------        ----        ----        ------- ----- ------------
.  .ABS.                            00000000    00000000 =           0. bytes (ABS,CON)

      Value  Global                              Global Defined In Module
      -----  --------------------------------   ------------------------
     00000000  .__.ABS.                           
     00000000  l__CABS                         
     00000000  l__DABS                         
     00000000  l__GSFINAL                      
     00000000  l__HEADER                       
     00000000  l__HEAP                         
     00000000  l__LIT                          
     00000000  s__CABS                         
     00000000  s__DABS                         
     00000000  s__HEADER                       
     00000000  s__HEADER0                      
     00000000  s__HEADER1                      
     00000000  s__HEADER10                     
     00000000  s__HEADER11                     
     00000000  s__HEADER12                     
     00000000  s__HEADER2                      
     00000000  s__HEADER3                      
     00000000  s__HEADER4                      
     00000000  s__HEADER5                      
     00000000  s__HEADER6                      
     00000000  s__HEADER7                      
     00000000  s__HEADER8                      
     00000000  s__HEADER9                      
     00000000  s__HEADERa                      
     00000000  s__HEADERb                      
     00000000  s__HEADERc                      
     00000000  s__HEADERd                      
     00000000  s__HEADERe                      
     00000000  s__HEADERf                      
     00000001  l__GSINITTAIL                   
     00000001  l__HEADER0                      
     00000001  l__HEADER12                     
     00000001  l__HEADERa                      
     00000001  l__HEADERb                      
     00000001  l__HEADERc                      
     00000001  l__HEADERe                      
     00000001  l__HEADERf                      
     00000002  l__HEADER10                     
     00000002  l__HEADERd                      
     00000003  l__HEADER9                      
     00000006  l__HEADER8                      
     00000007  l__HEADER2                      
     00000007  l__HEADER3                      
     00000007  l__HEADER4                      
     00000007  l__HEADER5                      
     00000010  l__HEADER1                      
     0000001F  l__HEADER6                      
     00000034  l__HEADER7                      
     00000059  l__BSS                          
     00000085  l__HEADER11                     
ASxxxx Linker V03.00 + NoICE + sdld,  page 2.
Hexadecimal  [32-Bits]

Area                                    Addr        Size        Decimal Bytes (Attributes)
--------------------------------        ----        ----        ------- ----- ------------
.  .ABS.                            00000000    00000000 =           0. bytes (ABS,CON)

      Value  Global                              Global Defined In Module
      -----  --------------------------------   ------------------------
     00000169  l__DATA                         
     000001AC  l__HOME                         
     000001B2  l__BASE                         
     00000200  s__CODE                         
     00000708  l__GSINIT                       
     00006BD3  l__CODE                         
     00006DD3  s__HOME                         
     00006F7F  s__BASE                         
     00007131  s__GSINIT                       
     00007131  s__LIT                          
     00007839  s__GSINITTAIL                   
     0000783A  s__GSFINAL                      
     0000C0A0  s__DATA                         
     0000C209  s__BSS                          
     0000C262  s__HEAP                         

ASxxxx Linker V03.00 + NoICE + sdld,  page 3.
Hexadecimal  [32-Bits]

Area                                    Addr        Size        Decimal Bytes (Attributes)
--------------------------------        ----        ----        ------- ----- ------------
_CODE                               00000200    00006BD3 =       27603. bytes (REL,CON)

      Value  Global                              Global Defined In Module
      -----  --------------------------------   ------------------------
     00000200  _main                              main
     00000200  _main_start                        main
     0000020F  _birdTitle_tile_map_size           main
     0000020F  _main_end                          main
     00000211  _birdTitle_tile_map_width          main
     00000213  _birdTitle_tile_map_height         main
     00000215  _birdTitle_tile_data_size          main
     00000217  _birdTitle_tile_count              main
     00000219  _birdTitle_map_data                main
     00000381  _birdTitle_tile_data               main
     000012A1  _birdWelcomeSM_tile_map_size       main
     000012A3  _birdWelcomeSM_tile_map_width      main
     000012A5  _birdWelcomeSM_tile_map_height     main
     000012A7  _birdWelcomeSM_tile_data_size      main
     000012A9  _birdWelcomeSM_tile_count          main
     000012AB  _birdWelcomeSM_map_data            main
     00001413  _birdWelcomeSM_tile_data           main
     000023D3  _sun2_tile_map_size                main
     000023D5  _sun2_tile_map_width               main
     000023D7  _sun2_tile_map_height              main
     000023D9  _sun2_tile_data_size               main
     000023DB  _sun2_tile_count                   main
     000023DD  _sun2_map_data                     main
     00002545  _sun2_tile_data                    main
     00003155  _sun3_tile_map_size                main
     00003157  _sun3_tile_map_width               main
     00003159  _sun3_tile_map_height              main
     0000315B  _sun3_tile_data_size               main
     0000315D  _sun3_tile_count                   main
     0000315F  _sun3_map_data                     main
     000032C7  _sun3_tile_data                    main
     00004017  _news2_tile_map_size               main
     00004019  _news2_tile_map_width              main
     0000401B  _news2_tile_map_height             main
     0000401D  _news2_tile_data_size              main
     0000401F  _news2_tile_count                  main
     00004021  _news2_map_data                    main
     00004189  _news2_tile_data                   main
     00004E09  _search_tile_map_size              main
     00004E0B  _search_tile_map_width             main
     00004E0D  _search_tile_map_height            main
     00004E0F  _search_tile_data_size             main
     00004E11  _search_tile_count                 main
     00004E13  _search_map_data                   main
     00004F7B  _search_tile_data                  main
     00005BCB  _gaems_tile_map_size               main
     00005BCD  _gaems_tile_map_width              main
     00005BCF  _gaems_tile_map_height             main
     00005BD1  _gaems_tile_data_size              main
     00005BD3  _gaems_tile_count                  main
ASxxxx Linker V03.00 + NoICE + sdld,  page 4.
Hexadecimal  [32-Bits]

Area                                    Addr        Size        Decimal Bytes (Attributes)
--------------------------------        ----        ----        ------- ----- ------------
_CODE                               00000200    00006BD3 =       27603. bytes (REL,CON)

      Value  Global                              Global Defined In Module
      -----  --------------------------------   ------------------------
     00005BD5  _gaems_map_data                    main
     00005D3D  _gaems_tile_data                   main
     00006C1D  _init                              main
     00006C1D  _init_start                        main
     00006C66  _init_end                          main
     00006C66  _updateSwitches                    main
     00006C66  _updateSwitches_start              main
     00006C92  _menu                              main
     00006C92  _menu_start                        main
     00006C92  _updateSwitches_end                main
     00006CB1  _menu_end                          main
     00006CB1  _weather                           main
     00006CB1  _weather_start                     main
     00006D3B  _news                              main
     00006D3B  _news_start                        main
     00006D3B  _weather_end                       main
     00006D5A  _news_end                          main
     00006D5A  _search                            main
     00006D5A  _search_start                      main
     00006D79  _gaems                             main
     00006D79  _gaems_start                       main
     00006D79  _search_end                        main
     00006D98  _checkInput                        main
     00006D98  _checkInput_start                  main
     00006D98  _gaems_end                         main
     00006DD3  _checkInput_end                    main

ASxxxx Linker V03.00 + NoICE + sdld,  page 5.
Hexadecimal  [32-Bits]

Area                                    Addr        Size        Decimal Bytes (Attributes)
--------------------------------        ----        ----        ------- ----- ------------
_HEADER0                            00000000    00000001 =           1. bytes (ABS,CON)

      Value  Global                              Global Defined In Module
      -----  --------------------------------   ------------------------
ASxxxx Linker V03.00 + NoICE + sdld,  page 6.
Hexadecimal  [32-Bits]

Area                                    Addr        Size        Decimal Bytes (Attributes)
--------------------------------        ----        ----        ------- ----- ------------
_HEADER1                            00000000    00000010 =          16. bytes (ABS,CON)

      Value  Global                              Global Defined In Module
      -----  --------------------------------   ------------------------
ASxxxx Linker V03.00 + NoICE + sdld,  page 7.
Hexadecimal  [32-Bits]

Area                                    Addr        Size        Decimal Bytes (Attributes)
--------------------------------        ----        ----        ------- ----- ------------
_HEADER2                            00000000    00000007 =           7. bytes (ABS,CON)

      Value  Global                              Global Defined In Module
      -----  --------------------------------   ------------------------
ASxxxx Linker V03.00 + NoICE + sdld,  page 8.
Hexadecimal  [32-Bits]

Area                                    Addr        Size        Decimal Bytes (Attributes)
--------------------------------        ----        ----        ------- ----- ------------
_HEADER3                            00000000    00000007 =           7. bytes (ABS,CON)

      Value  Global                              Global Defined In Module
      -----  --------------------------------   ------------------------
ASxxxx Linker V03.00 + NoICE + sdld,  page 9.
Hexadecimal  [32-Bits]

Area                                    Addr        Size        Decimal Bytes (Attributes)
--------------------------------        ----        ----        ------- ----- ------------
_HEADER4                            00000000    00000007 =           7. bytes (ABS,CON)

      Value  Global                              Global Defined In Module
      -----  --------------------------------   ------------------------
ASxxxx Linker V03.00 + NoICE + sdld,  page 10.
Hexadecimal  [32-Bits]

Area                                    Addr        Size        Decimal Bytes (Attributes)
--------------------------------        ----        ----        ------- ----- ------------
_HEADER5                            00000000    00000007 =           7. bytes (ABS,CON)

      Value  Global                              Global Defined In Module
      -----  --------------------------------   ------------------------
ASxxxx Linker V03.00 + NoICE + sdld,  page 11.
Hexadecimal  [32-Bits]

Area                                    Addr        Size        Decimal Bytes (Attributes)
--------------------------------        ----        ----        ------- ----- ------------
_HEADER6                            00000000    0000001F =          31. bytes (ABS,CON)

      Value  Global                              Global Defined In Module
      -----  --------------------------------   ------------------------
ASxxxx Linker V03.00 + NoICE + sdld,  page 12.
Hexadecimal  [32-Bits]

Area                                    Addr        Size        Decimal Bytes (Attributes)
--------------------------------        ----        ----        ------- ----- ------------
_HEADER7                            00000000    00000034 =          52. bytes (ABS,CON)

      Value  Global                              Global Defined In Module
      -----  --------------------------------   ------------------------
ASxxxx Linker V03.00 + NoICE + sdld,  page 13.
Hexadecimal  [32-Bits]

Area                                    Addr        Size        Decimal Bytes (Attributes)
--------------------------------        ----        ----        ------- ----- ------------
_HEADER8                            00000000    00000006 =           6. bytes (ABS,CON)

      Value  Global                              Global Defined In Module
      -----  --------------------------------   ------------------------
ASxxxx Linker V03.00 + NoICE + sdld,  page 14.
Hexadecimal  [32-Bits]

Area                                    Addr        Size        Decimal Bytes (Attributes)
--------------------------------        ----        ----        ------- ----- ------------
_HEADER9                            00000000    00000003 =           3. bytes (ABS,CON)

      Value  Global                              Global Defined In Module
      -----  --------------------------------   ------------------------
ASxxxx Linker V03.00 + NoICE + sdld,  page 15.
Hexadecimal  [32-Bits]

Area                                    Addr        Size        Decimal Bytes (Attributes)
--------------------------------        ----        ----        ------- ----- ------------
_HEADERa                            00000000    00000001 =           1. bytes (ABS,CON)

      Value  Global                              Global Defined In Module
      -----  --------------------------------   ------------------------
ASxxxx Linker V03.00 + NoICE + sdld,  page 16.
Hexadecimal  [32-Bits]

Area                                    Addr        Size        Decimal Bytes (Attributes)
--------------------------------        ----        ----        ------- ----- ------------
_HEADERb                            00000000    00000001 =           1. bytes (ABS,CON)

      Value  Global                              Global Defined In Module
      -----  --------------------------------   ------------------------
ASxxxx Linker V03.00 + NoICE + sdld,  page 17.
Hexadecimal  [32-Bits]

Area                                    Addr        Size        Decimal Bytes (Attributes)
--------------------------------        ----        ----        ------- ----- ------------
_HEADERc                            00000000    00000001 =           1. bytes (ABS,CON)

      Value  Global                              Global Defined In Module
      -----  --------------------------------   ------------------------
ASxxxx Linker V03.00 + NoICE + sdld,  page 18.
Hexadecimal  [32-Bits]

Area                                    Addr        Size        Decimal Bytes (Attributes)
--------------------------------        ----        ----        ------- ----- ------------
_HEADERd                            00000000    00000002 =           2. bytes (ABS,CON)

      Value  Global                              Global Defined In Module
      -----  --------------------------------   ------------------------
ASxxxx Linker V03.00 + NoICE + sdld,  page 19.
Hexadecimal  [32-Bits]

Area                                    Addr        Size        Decimal Bytes (Attributes)
--------------------------------        ----        ----        ------- ----- ------------
_HEADERe                            00000000    00000001 =           1. bytes (ABS,CON)

      Value  Global                              Global Defined In Module
      -----  --------------------------------   ------------------------
ASxxxx Linker V03.00 + NoICE + sdld,  page 20.
Hexadecimal  [32-Bits]

Area                                    Addr        Size        Decimal Bytes (Attributes)
--------------------------------        ----        ----        ------- ----- ------------
_HEADERf                            00000000    00000001 =           1. bytes (ABS,CON)

      Value  Global                              Global Defined In Module
      -----  --------------------------------   ------------------------
ASxxxx Linker V03.00 + NoICE + sdld,  page 21.
Hexadecimal  [32-Bits]

Area                                    Addr        Size        Decimal Bytes (Attributes)
--------------------------------        ----        ----        ------- ----- ------------
_HEADER10                           00000000    00000002 =           2. bytes (ABS,CON)

      Value  Global                              Global Defined In Module
      -----  --------------------------------   ------------------------
ASxxxx Linker V03.00 + NoICE + sdld,  page 22.
Hexadecimal  [32-Bits]

Area                                    Addr        Size        Decimal Bytes (Attributes)
--------------------------------        ----        ----        ------- ----- ------------
_HEADER11                           00000000    00000085 =         133. bytes (ABS,CON)

      Value  Global                              Global Defined In Module
      -----  --------------------------------   ------------------------
     000001D2  _exit                              Runtime

ASxxxx Linker V03.00 + NoICE + sdld,  page 23.
Hexadecimal  [32-Bits]

Area                                    Addr        Size        Decimal Bytes (Attributes)
--------------------------------        ----        ----        ------- ----- ------------
_HEADER12                           00000000    00000001 =           1. bytes (ABS,CON)

      Value  Global                              Global Defined In Module
      -----  --------------------------------   ------------------------
ASxxxx Linker V03.00 + NoICE + sdld,  page 24.
Hexadecimal  [32-Bits]

Area                                    Addr        Size        Decimal Bytes (Attributes)
--------------------------------        ----        ----        ------- ----- ------------
_HOME                               00006DD3    000001AC =         428. bytes (REL,CON)

      Value  Global                              Global Defined In Module
      -----  --------------------------------   ------------------------
     00006DD3  .set_mode                          Runtime
     00006DE3  .remove_VBL                        Runtime
     00006DE9  .remove_LCD                        Runtime
     00006DEF  .remove_TIM                        Runtime
     00006DF5  .remove_SIO                        Runtime
     00006DFB  .remove_JOY                        Runtime
     00006E01  .add_VBL                           Runtime
     00006E07  .add_LCD                           Runtime
     00006E0D  .add_TIM                           Runtime
     00006E13  .add_SIO                           Runtime
     00006E19  .add_JOY                           Runtime
     00006E1F  .remove_int                        Runtime
     00006E3F  .add_int                           Runtime
     00006E5B  .wait_vbl_done                     Runtime
     00006E5B  _wait_vbl_done                     Runtime
     00006E72  .display_off                       Runtime
     00006E72  _display_off                       Runtime
     00006E93  .serial_IO                         Runtime
     00006EC2  _mode                              Runtime
     00006ECB  _get_mode                          Runtime
     00006ED0  _enable_interrupts                 Runtime
     00006ED2  _disable_interrupts                Runtime
     00006ED4  .reset                             Runtime
     00006ED4  _reset                             Runtime
     00006EDA  _set_interrupts                    Runtime
     00006EE5  _remove_VBL                        Runtime
     00006EF0  _remove_LCD                        Runtime
     00006EFB  _remove_TIM                        Runtime
     00006F06  _remove_SIO                        Runtime
     00006F11  _remove_JOY                        Runtime
     00006F1C  _add_VBL                           Runtime
     00006F27  _add_LCD                           Runtime
     00006F32  _add_TIM                           Runtime
     00006F3D  _add_SIO                           Runtime
     00006F48  _add_JOY                           Runtime
     00006F53  _clock                             Runtime
     00006F5C  __printTStates                     Runtime
     00006F5D  banked_call                        Runtime
     00006F76  banked_ret                         Runtime
ASxxxx Linker V03.00 + NoICE + sdld,  page 25.
Hexadecimal  [32-Bits]

Area                                    Addr        Size        Decimal Bytes (Attributes)
--------------------------------        ----        ----        ------- ----- ------------
_BASE                               00006F7F    000001B2 =         434. bytes (REL,CON)

      Value  Global                              Global Defined In Module
      -----  --------------------------------   ------------------------
     00006F7F  .padup                             
     00006F7F  _waitpadup                         
     00006F8F  .jpad                              
     00006FBC  .wait_pad                          
     00006FC3  _joypad                            
     00006FC8  _waitpad                           
     00006FD2  .delay                             
     0000700C  _delay                             
     00007015  _set_bkg_data                      
     00007015  _set_win_data                      
     00007062  _set_sprite_data                   
     00007091  .copy_vram                         
     000070A0  _get_data                          
     000070A0  _set_data                          
     000070B3  _set_bkg_tiles                     
     000070C7  .set_xy_wtt                        
     000070D8  .set_xy_btt                        
     000070E7  .set_xy_tt                         
     00007118  _set_tiles                         

ASxxxx Linker V03.00 + NoICE + sdld,  page 26.
Hexadecimal  [32-Bits]

Area                                    Addr        Size        Decimal Bytes (Attributes)
--------------------------------        ----        ----        ------- ----- ------------
_GSINIT                             00007131    00000708 =        1800. bytes (REL,CON)

      Value  Global                              Global Defined In Module
      -----  --------------------------------   ------------------------
     00007131  gsinit                             Runtime

ASxxxx Linker V03.00 + NoICE + sdld,  page 27.
Hexadecimal  [32-Bits]

Area                                    Addr        Size        Decimal Bytes (Attributes)
--------------------------------        ----        ----        ------- ----- ------------
_GSINITTAIL                         00007839    00000001 =           1. bytes (REL,CON)

      Value  Global                              Global Defined In Module
      -----  --------------------------------   ------------------------
ASxxxx Linker V03.00 + NoICE + sdld,  page 28.
Hexadecimal  [32-Bits]

Area                                    Addr        Size        Decimal Bytes (Attributes)
--------------------------------        ----        ----        ------- ----- ------------
_DATA                               0000C0A0    00000169 =         361. bytes (REL,CON)

      Value  Global                              Global Defined In Module
      -----  --------------------------------   ------------------------
     0000C0A0  _blankScreen                       main
     0000C208  _i                                 main

ASxxxx Linker V03.00 + NoICE + sdld,  page 29.
Hexadecimal  [32-Bits]

Area                                    Addr        Size        Decimal Bytes (Attributes)
--------------------------------        ----        ----        ------- ----- ------------
_BSS                                0000C209    00000059 =          89. bytes (REL,CON)

      Value  Global                              Global Defined In Module
      -----  --------------------------------   ------------------------
     0000C209  __cpu                              Runtime
     0000C20A  .mode                              Runtime
     0000C20B  __io_out                           Runtime
     0000C20C  __io_in                            Runtime
     0000C20D  __io_status                        Runtime
     0000C20E  .vbl_done                          Runtime
     0000C20F  __current_bank                     Runtime
     0000C210  .sys_time                          Runtime
     0000C210  _sys_time                          Runtime
     0000C212  .int_0x40                          Runtime
     0000C222  .int_0x48                          Runtime
     0000C232  .int_0x50                          Runtime
     0000C242  .int_0x58                          Runtime
     0000C252  .int_0x60                          Runtime

ASxxxx Linker V03.00 + NoICE + sdld,  page 30.
Hexadecimal  [32-Bits]

Area                                    Addr        Size        Decimal Bytes (Attributes)
--------------------------------        ----        ----        ------- ----- ------------
_HEAP                               0000C262    00000000 =           0. bytes (REL,CON)

      Value  Global                              Global Defined In Module
      -----  --------------------------------   ------------------------
     0000C262  _malloc_heap_start                 Runtime

ASxxxx Linker V03.00 + NoICE + sdld,  page 31.

Files Linked                              [ module(s) ]

/home/jes/Downloads/HACKATHON/gbdk-n/bin/../lib/crt0.rel
                                          [ Runtime ]
./obj/main.rel                            [ main ]


Libraries Linked                          [ object file ]

/home/jes/Downloads/HACKATHON/gbdk-n/bin/../lib/gb.lib
                                          [ pad ]
/home/jes/Downloads/HACKATHON/gbdk-n/bin/../lib/gb.lib
                                          [ delay ]
/home/jes/Downloads/HACKATHON/gbdk-n/bin/../lib/gb.lib
                                          [ set_data ]
/home/jes/Downloads/HACKATHON/gbdk-n/bin/../lib/gb.lib
                                          [ cpy_data ]
/home/jes/Downloads/HACKATHON/gbdk-n/bin/../lib/gb.lib
                                          [ set_bk_t ]
/home/jes/Downloads/HACKATHON/gbdk-n/bin/../lib/gb.lib
                                          [ set_xy_t ]

ASxxxx Linker V03.00 + NoICE + sdld,  page 32.

User Base Address Definitions

_CODE = 0x0200
_DATA = 0xc0a0

